[1.383s][info][gc] Using G1
[21.089s][info][gc] GC(0) Pause Young (Normal) (G1 Evacuation Pause) 4M->1M(12M) 7.642ms
[21.238s][info][gc] GC(1) Pause Young (Normal) (G1 Evacuation Pause) 3M->2M(12M) 5.999ms
[21.406s][info][gc] GC(2) Pause Young (Normal) (G1 Evacuation Pause) 4M->2M(12M) 2.268ms
[21.724s][info][gc] GC(3) Pause Young (Normal) (G1 Evacuation Pause) 4M->2M(12M) 4.249ms
[21.799s][info][gc] GC(4) Pause Young (Normal) (G1 Evacuation Pause) 4M->3M(12M) 6.190ms
[21.860s][info][gc] GC(5) Pause Young (Normal) (G1 Evacuation Pause) 5M->4M(12M) 4.131ms
[23.328s][info][gc] GC(6) Pause Young (Normal) (G1 Evacuation Pause) 6M->4M(12M) 2.345ms
[23.738s][info][gc] GC(7) Pause Young (Normal) (G1 Evacuation Pause) 6M->4M(12M) 3.266ms
[24.334s][info][gc] GC(8) Pause Young (Normal) (G1 Evacuation Pause) 6M->4M(12M) 6.164ms
[24.515s][info][gc] GC(9) Pause Young (Normal) (G1 Evacuation Pause) 5M->5M(12M) 3.566ms
[27.768s][info][gc] GC(10) Pause Young (Normal) (G1 Evacuation Pause) 7M->5M(12M) 4.392ms
[40.749s][info][gc] GC(11) Pause Young (Normal) (G1 Evacuation Pause) 7M->5M(12M) 5.083ms
[58.811s][info][gc] GC(12) Pause Young (Normal) (G1 Evacuation Pause) 7M->5M(12M) 2.594ms
[76.792s][info][gc] GC(13) Pause Young (Normal) (G1 Evacuation Pause) 7M->5M(12M) 2.961ms
[85.687s][info][gc] GC(14) Pause Young (Concurrent Start) (G1 Humongous Allocation) 6M->5M(12M) 3.591ms
[85.687s][info][gc] GC(15) Concurrent Undo Cycle
[85.687s][info][gc] GC(15) Concurrent Undo Cycle 0.236ms
[113.750s][info][gc] GC(16) Pause Young (Normal) (G1 Evacuation Pause) 9M->6M(12M) 5.306ms
[132.869s][info][gc] GC(17) Pause Young (Concurrent Start) (G1 Evacuation Pause) 8M->6M(12M) 5.379ms
[132.870s][info][gc] GC(18) Concurrent Mark Cycle
[132.947s][info][gc] GC(18) Pause Remark 6M->6M(12M) 47.395ms
[132.953s][info][gc] GC(18) Pause Cleanup 6M->6M(12M) 0.118ms
[132.953s][info][gc] GC(18) Concurrent Mark Cycle 83.476ms
[138.455s][info][gc] GC(19) Pause Young (Prepare Mixed) (G1 Evacuation Pause) 9M->7M(12M) 3.148ms
[138.464s][info][gc] GC(20) Pause Young (Mixed) (G1 Evacuation Pause) 8M->6M(12M) 4.599ms
[138.489s][info][gc] GC(21) Pause Young (Concurrent Start) (G1 Evacuation Pause) 7M->6M(12M) 3.076ms
[138.490s][info][gc] GC(22) Concurrent Mark Cycle
[138.508s][info][gc] GC(22) Pause Remark 7M->7M(12M) 4.311ms
[138.514s][info][gc] GC(22) Pause Cleanup 7M->7M(12M) 0.061ms
[138.514s][info][gc] GC(22) Concurrent Mark Cycle 24.242ms
[138.519s][info][gc] GC(23) Pause Young (Normal) (G1 Evacuation Pause) 7M->6M(12M) 2.744ms
[138.533s][info][gc] GC(24) Pause Young (Concurrent Start) (G1 Evacuation Pause) 7M->6M(12M) 2.789ms
[138.534s][info][gc] GC(25) Concurrent Mark Cycle
[138.542s][info][gc] GC(26) Pause Young (Normal) (G1 Evacuation Pause) 7M->6M(12M) 2.551ms
[138.547s][info][gc] GC(27) Pause Young (Normal) (G1 Evacuation Pause) 7M->6M(12M) 2.182ms
[138.552s][info][gc] GC(28) Pause Young (Normal) (G1 Evacuation Pause) 7M->6M(12M) 2.769ms
[138.558s][info][gc] GC(29) Pause Young (Normal) (G1 Evacuation Pause) 7M->6M(12M) 1.771ms
[138.562s][info][gc] GC(30) Pause Young (Normal) (G1 Evacuation Pause) 7M->6M(12M) 1.223ms
[138.565s][info][gc] GC(25) Pause Remark 6M->6M(12M) 3.273ms
[138.569s][info][gc] GC(31) Pause Young (Normal) (G1 Evacuation Pause) 7M->6M(12M) 0.956ms
[138.573s][info][gc] GC(32) Pause Young (Normal) (G1 Evacuation Pause) 7M->6M(12M) 0.924ms
[138.573s][info][gc] GC(25) Pause Cleanup 7M->7M(12M) 0.048ms
[138.574s][info][gc] GC(25) Concurrent Mark Cycle 39.963ms
[138.577s][info][gc] GC(33) Pause Young (Normal) (G1 Evacuation Pause) 7M->6M(12M) 0.768ms
[138.581s][info][gc] GC(34) Pause Young (Concurrent Start) (G1 Evacuation Pause) 7M->7M(12M) 0.962ms
[138.581s][info][gc] GC(35) Concurrent Mark Cycle
[138.585s][info][gc] GC(36) Pause Young (Normal) (G1 Evacuation Pause) 8M->7M(12M) 0.962ms
[138.588s][info][gc] GC(37) Pause Young (Normal) (G1 Evacuation Pause) 7M->7M(12M) 0.587ms
[138.591s][info][gc] GC(38) Pause Young (Normal) (G1 Evacuation Pause) 8M->7M(12M) 0.541ms
[138.594s][info][gc] GC(39) Pause Young (Normal) (G1 Evacuation Pause) 8M->7M(12M) 0.607ms
[138.597s][info][gc] GC(40) Pause Young (Normal) (G1 Evacuation Pause) 8M->7M(12M) 0.750ms
[138.603s][info][gc] GC(35) Pause Remark 7M->7M(12M) 5.893ms
[138.609s][info][gc] GC(41) Pause Young (Normal) (G1 Evacuation Pause) 8M->7M(12M) 0.598ms
[138.611s][info][gc] GC(35) Pause Cleanup 8M->8M(12M) 0.050ms
[138.611s][info][gc] GC(35) Concurrent Mark Cycle 30.520ms
[138.612s][info][gc] GC(42) Pause Young (Normal) (G1 Evacuation Pause) 8M->7M(12M) 0.597ms
[138.615s][info][gc] GC(43) Pause Young (Concurrent Start) (G1 Evacuation Pause) 8M->7M(12M) 0.852ms
[138.615s][info][gc] GC(44) Concurrent Mark Cycle
[138.619s][info][gc] GC(45) Pause Young (Normal) (G1 Evacuation Pause) 8M->7M(12M) 0.617ms
[138.622s][info][gc] GC(46) Pause Young (Normal) (G1 Evacuation Pause) 8M->7M(12M) 0.621ms
[138.625s][info][gc] GC(47) Pause Young (Normal) (G1 Evacuation Pause) 8M->7M(12M) 0.608ms
[138.629s][info][gc] GC(48) Pause Young (Normal) (G1 Evacuation Pause) 8M->7M(12M) 0.752ms
[138.634s][info][gc] GC(44) Pause Remark 7M->7M(12M) 3.283ms
[138.639s][info][gc] GC(44) Pause Cleanup 8M->8M(12M) 0.053ms
[138.639s][info][gc] GC(44) Concurrent Mark Cycle 23.805ms
[138.885s][info][gc] GC(49) Pause Young (Normal) (G1 Evacuation Pause) 9M->6M(12M) 1.533ms
[146.754s][info][gc] GC(50) Pause Young (Concurrent Start) (G1 Evacuation Pause) 7M->6M(12M) 2.858ms
[146.754s][info][gc] GC(51) Concurrent Mark Cycle
[146.781s][info][gc] GC(51) Pause Remark 6M->6M(12M) 5.748ms
[146.789s][info][gc] GC(51) Pause Cleanup 6M->6M(12M) 0.082ms
[146.789s][info][gc] GC(51) Concurrent Mark Cycle 34.804ms
[164.759s][info][gc] GC(52) Pause Young (Normal) (G1 Evacuation Pause) 8M->6M(12M) 2.373ms
[169.208s][info][gc] GC(53) Pause Young (Concurrent Start) (G1 Humongous Allocation) 6M->6M(12M) 1.479ms
[169.208s][info][gc] GC(54) Concurrent Mark Cycle
[169.234s][info][gc] GC(54) Pause Remark 7M->7M(12M) 5.046ms
[169.243s][info][gc] GC(54) Pause Cleanup 7M->7M(12M) 0.054ms
[169.243s][info][gc] GC(54) Concurrent Mark Cycle 35.302ms
[188.931s][info][gc] GC(55) Pause Young (Normal) (G1 Evacuation Pause) 9M->7M(12M) 1.192ms
[198.767s][info][gc] GC(56) Pause Young (Concurrent Start) (G1 Evacuation Pause) 8M->7M(12M) 1.220ms
[198.767s][info][gc] GC(57) Concurrent Mark Cycle
[198.788s][info][gc] GC(57) Pause Remark 7M->7M(12M) 4.873ms
[198.796s][info][gc] GC(57) Pause Cleanup 7M->7M(12M) 0.063ms
[198.797s][info][gc] GC(57) Concurrent Mark Cycle 29.500ms
[207.956s][info][gc] GC(58) Pause Young (Normal) (G1 Evacuation Pause) 8M->7M(12M) 1.317ms
[217.782s][info][gc] GC(59) Pause Young (Concurrent Start) (G1 Evacuation Pause) 8M->6M(12M) 2.551ms
[217.782s][info][gc] GC(60) Concurrent Mark Cycle
[217.804s][info][gc] GC(60) Pause Remark 6M->6M(12M) 5.119ms
[217.812s][info][gc] GC(60) Pause Cleanup 6M->6M(12M) 0.106ms
[217.812s][info][gc] GC(60) Concurrent Mark Cycle 29.887ms
[236.998s][info][gc] GC(61) Pause Young (Normal) (G1 Evacuation Pause) 8M->6M(12M) 3.265ms
[246.334s][info][gc] GC(62) Pause Young (Concurrent Start) (G1 Humongous Allocation) 7M->6M(12M) 1.335ms
[246.334s][info][gc] GC(63) Concurrent Mark Cycle
[246.351s][info][gc] GC(63) Pause Remark 7M->7M(12M) 3.604ms
[246.360s][info][gc] GC(63) Pause Cleanup 7M->7M(12M) 0.120ms
[246.360s][info][gc] GC(63) Concurrent Mark Cycle 26.064ms
[266.031s][info][gc] GC(64) Pause Young (Normal) (G1 Evacuation Pause) 9M->7M(12M) 1.171ms
[275.791s][info][gc] GC(65) Pause Young (Concurrent Start) (G1 Evacuation Pause) 8M->7M(12M) 1.251ms
[275.791s][info][gc] GC(66) Concurrent Mark Cycle
[275.816s][info][gc] GC(66) Pause Remark 7M->7M(12M) 4.573ms
[275.825s][info][gc] GC(66) Pause Cleanup 7M->7M(12M) 0.063ms
[275.825s][info][gc] GC(66) Concurrent Mark Cycle 34.111ms
[285.059s][info][gc] GC(67) Pause Young (Normal) (G1 Evacuation Pause) 8M->7M(12M) 1.131ms
[295.070s][info][gc] GC(68) Pause Young (Concurrent Start) (G1 Evacuation Pause) 8M->7M(12M) 1.183ms
[295.070s][info][gc] GC(69) Concurrent Mark Cycle
[295.087s][info][gc] GC(69) Pause Remark 7M->7M(12M) 3.811ms
[295.125s][info][gc] GC(69) Pause Cleanup 7M->7M(12M) 0.083ms
[295.125s][info][gc] GC(69) Concurrent Mark Cycle 55.273ms
[304.084s][info][gc] GC(70) Pause Young (Normal) (G1 Evacuation Pause) 8M->7M(12M) 1.187ms
[314.097s][info][gc] GC(71) Pause Young (Concurrent Start) (G1 Evacuation Pause) 8M->7M(12M) 1.286ms
[314.098s][info][gc] GC(72) Concurrent Mark Cycle
[314.118s][info][gc] GC(72) Pause Remark 7M->7M(12M) 4.117ms
[314.126s][info][gc] GC(72) Pause Cleanup 7M->7M(12M) 0.060ms
[314.126s][info][gc] GC(72) Concurrent Mark Cycle 28.863ms
[324.109s][info][gc] GC(73) Pause Young (Normal) (G1 Evacuation Pause) 8M->7M(12M) 1.062ms
[333.117s][info][gc] GC(74) Pause Young (Concurrent Start) (G1 Evacuation Pause) 8M->7M(12M) 1.078ms
[333.117s][info][gc] GC(75) Concurrent Mark Cycle
[333.141s][info][gc] GC(75) Pause Remark 7M->7M(12M) 7.335ms
[333.147s][info][gc] GC(75) Pause Cleanup 7M->7M(12M) 0.130ms
[333.148s][info][gc] GC(75) Concurrent Mark Cycle 30.840ms
[342.821s][info][gc] GC(76) Pause Young (Prepare Mixed) (G1 Evacuation Pause) 8M->7M(12M) 0.967ms
[352.148s][info][gc] GC(77) Pause Young (Mixed) (G1 Preventive Collection) 8M->6M(12M) 3.118ms
[362.160s][info][gc] GC(78) Pause Young (Concurrent Start) (G1 Evacuation Pause) 7M->6M(12M) 1.071ms
[362.161s][info][gc] GC(79) Concurrent Mark Cycle
[362.182s][info][gc] GC(79) Pause Remark 6M->6M(12M) 5.555ms
[362.190s][info][gc] GC(79) Pause Cleanup 6M->6M(12M) 0.063ms
[362.191s][info][gc] GC(79) Concurrent Mark Cycle 30.066ms
[369.833s][info][gc] GC(80) Pause Young (Normal) (G1 Evacuation Pause) 7M->6M(12M) 1.131ms
[379.180s][info][gc] GC(81) Pause Young (Concurrent Start) (G1 Evacuation Pause) 7M->6M(12M) 1.143ms
[379.181s][info][gc] GC(82) Concurrent Mark Cycle
[379.205s][info][gc] GC(82) Pause Remark 6M->6M(12M) 4.121ms
[379.211s][info][gc] GC(82) Pause Cleanup 6M->6M(12M) 0.094ms
[379.211s][info][gc] GC(82) Concurrent Mark Cycle 30.351ms
[389.192s][info][gc] GC(83) Pause Young (Normal) (G1 Evacuation Pause) 7M->6M(12M) 1.019ms
[399.203s][info][gc] GC(84) Pause Young (Concurrent Start) (G1 Evacuation Pause) 7M->6M(12M) 1.052ms
[399.203s][info][gc] GC(85) Concurrent Mark Cycle
[399.222s][info][gc] GC(85) Pause Remark 6M->6M(12M) 5.048ms
[399.229s][info][gc] GC(85) Pause Cleanup 6M->6M(12M) 0.066ms
[399.229s][info][gc] GC(85) Concurrent Mark Cycle 26.785ms
[408.851s][info][gc] GC(86) Pause Young (Normal) (G1 Evacuation Pause) 7M->6M(12M) 1.108ms
[418.229s][info][gc] GC(87) Pause Young (Concurrent Start) (G1 Evacuation Pause) 7M->6M(12M) 1.156ms
[418.229s][info][gc] GC(88) Concurrent Mark Cycle
[418.248s][info][gc] GC(88) Pause Remark 6M->6M(12M) 5.788ms
[418.254s][info][gc] GC(88) Pause Cleanup 6M->6M(12M) 0.065ms
[418.254s][info][gc] GC(88) Concurrent Mark Cycle 24.360ms
[428.242s][info][gc] GC(89) Pause Young (Normal) (G1 Evacuation Pause) 7M->6M(12M) 1.042ms
[438.256s][info][gc] GC(90) Pause Young (Concurrent Start) (G1 Evacuation Pause) 7M->6M(12M) 1.339ms
[438.256s][info][gc] GC(91) Concurrent Mark Cycle
[438.275s][info][gc] GC(91) Pause Remark 6M->6M(12M) 5.372ms
[438.281s][info][gc] GC(91) Pause Cleanup 6M->6M(12M) 0.084ms
[438.281s][info][gc] GC(91) Concurrent Mark Cycle 24.927ms
[447.868s][info][gc] GC(92) Pause Young (Normal) (G1 Evacuation Pause) 7M->6M(12M) 1.261ms
[457.872s][info][gc] GC(93) Pause Young (Concurrent Start) (G1 Evacuation Pause) 7M->6M(12M) 0.999ms
[457.872s][info][gc] GC(94) Concurrent Mark Cycle
[457.901s][info][gc] GC(94) Pause Remark 6M->6M(12M) 8.127ms
[457.910s][info][gc] GC(94) Pause Cleanup 6M->6M(12M) 0.067ms
[457.910s][info][gc] GC(94) Concurrent Mark Cycle 37.390ms
[463.876s][info][gc] GC(95) Pause Young (Normal) (G1 Evacuation Pause) 7M->6M(12M) 1.214ms
[473.882s][info][gc] GC(96) Pause Young (Concurrent Start) (G1 Evacuation Pause) 7M->6M(12M) 1.168ms
[473.882s][info][gc] GC(97) Concurrent Mark Cycle
[473.902s][info][gc] GC(97) Pause Remark 6M->6M(12M) 4.467ms
[473.911s][info][gc] GC(97) Pause Cleanup 6M->6M(12M) 0.065ms
[473.912s][info][gc] GC(97) Concurrent Mark Cycle 30.018ms
[483.319s][info][gc] GC(98) Pause Young (Normal) (G1 Evacuation Pause) 7M->6M(12M) 1.304ms
[493.330s][info][gc] GC(99) Pause Young (Concurrent Start) (G1 Evacuation Pause) 7M->5M(12M) 2.464ms
[493.330s][info][gc] GC(100) Concurrent Mark Cycle
[493.363s][info][gc] GC(100) Pause Remark 5M->5M(12M) 6.146ms
[493.369s][info][gc] GC(100) Pause Cleanup 5M->5M(12M) 0.125ms
[493.370s][info][gc] GC(100) Concurrent Mark Cycle 39.147ms
[512.365s][info][gc] GC(101) Pause Young (Normal) (G1 Evacuation Pause) 7M->5M(12M) 2.625ms
[532.397s][info][gc] GC(102) Pause Young (Concurrent Start) (G1 Evacuation Pause) 7M->5M(12M) 2.653ms
[532.397s][info][gc] GC(103) Concurrent Mark Cycle
[532.431s][info][gc] GC(103) Pause Remark 5M->5M(12M) 7.924ms
[532.439s][info][gc] GC(103) Pause Cleanup 5M->5M(12M) 0.133ms
[532.439s][info][gc] GC(103) Concurrent Mark Cycle 42.186ms
[552.417s][info][gc] GC(104) Pause Young (Normal) (G1 Evacuation Pause) 7M->5M(12M) 1.719ms
