[2.665s][info][gc] Using Serial
[49.771s][info][gc] GC(0) Pause Young (Allocation Failure) 4M->1M(15M) 28.087ms
[50.161s][info][gc] GC(1) Pause Young (Allocation Failure) 6M->2M(15M) 22.877ms
[50.659s][info][gc] GC(2) Pause Young (Allocation Failure) 6M->2M(15M) 5.438ms
[54.671s][info][gc] GC(3) Pause Young (Allocation Failure) 7M->3M(15M) 8.720ms
[60.759s][info][gc] GC(4) Pause Young (Allocation Failure) 7M->4M(15M) 10.309ms
[90.932s][info][gc] GC(5) Pause Young (Allocation Failure) 8M->4M(15M) 5.868ms
[129.898s][info][gc] GC(6) Pause Young (Allocation Failure) 8M->4M(15M) 4.259ms
[146.580s][info][gc] GC(7) Pause Young (Allocation Failure) 8M->5M(15M) 7.560ms
[146.654s][info][gc] GC(8) Pause Young (Allocation Failure) 10M->8M(15M) 11.513ms
[146.722s][info][gc] GC(9) Pause Young (Allocation Failure) 12M->10M(15M) 9.215ms
[146.781s][info][gc] GC(10) Pause Young (Allocation Failure) 14M->14M(15M) 0.112ms
[146.872s][info][gc] GC(11) Pause Full (Allocation Failure) 14M->9M(15M) 91.222ms
[146.926s][info][gc] GC(12) Pause Young (Allocation Failure) 13M->13M(15M) 0.095ms
[146.973s][info][gc] GC(13) Pause Full (Allocation Failure) 13M->6M(15M) 47.223ms
[147.044s][info][gc] GC(14) Pause Young (Allocation Failure) 11M->9M(15M) 11.820ms
[161.017s][info][gc] GC(15) Pause Young (Allocation Failure) 13M->13M(15M) 0.075ms
[161.055s][info][gc] GC(16) Pause Full (Allocation Failure) 13M->7M(15M) 38.295ms
[201.064s][info][gc] GC(17) Pause Young (Allocation Failure) 11M->7M(15M) 3.282ms
[242.968s][info][gc] GC(18) Pause Young (Allocation Failure) 11M->7M(15M) 1.394ms
[253.880s][info][gc] GC(19) Pause Young (Allocation Failure) 11M->9M(15M) 6.497ms
[253.923s][info][gc] GC(20) Pause Young (Allocation Failure) 13M->13M(15M) 0.105ms
[253.985s][info][gc] GC(21) Pause Full (Allocation Failure) 13M->7M(15M) 61.784ms
[254.026s][info][gc] GC(22) Pause Young (Allocation Failure) 11M->9M(15M) 8.926ms
[254.071s][info][gc] GC(23) Pause Young (Allocation Failure) 13M->13M(15M) 0.106ms
[254.117s][info][gc] GC(24) Pause Full (Allocation Failure) 13M->8M(15M) 46.168ms
[254.198s][info][gc] GC(25) Pause Young (Allocation Failure) 12M->10M(15M) 12.232ms
[254.228s][info][gc] GC(26) Pause Young (Allocation Failure) 14M->14M(15M) 0.101ms
[254.286s][info][gc] GC(27) Pause Full (Allocation Failure) 14M->8M(15M) 57.874ms
[277.164s][info][gc] GC(28) Pause Young (Allocation Failure) 12M->12M(15M) 0.083ms
[277.199s][info][gc] GC(29) Pause Full (Allocation Failure) 12M->5M(15M) 34.837ms
