[0.075s][info][gc] Using Serial
[11.339s][info][gc] GC(0) Pause Young (Allocation Failure) 4M->2M(15M) 49.772ms
[13.224s][info][gc] GC(1) Pause Young (Allocation Failure) 6M->2M(15M) 40.326ms
[15.373s][info][gc] GC(2) Pause Young (Allocation Failure) 7M->4M(15M) 8.293ms
[25.270s][info][gc] GC(3) Pause Young (Allocation Failure) 8M->4M(15M) 5.189ms
[29.903s][info][gc] GC(4) Pause Young (Allocation Failure) 8M->5M(15M) 7.842ms
[62.128s][info][gc] GC(5) Pause Young (Allocation Failure) 9M->5M(15M) 7.784ms
[103.182s][info][gc] GC(6) Pause Young (Allocation Failure) 9M->5M(15M) 1.991ms
[146.218s][info][gc] GC(7) Pause Young (Allocation Failure) 9M->5M(15M) 1.985ms
[185.348s][info][gc] GC(8) Pause Young (Allocation Failure) 9M->5M(15M) 5.256ms
[227.395s][info][gc] GC(9) Pause Young (Allocation Failure) 9M->5M(15M) 1.812ms
[270.339s][info][gc] GC(10) Pause Young (Allocation Failure) 9M->5M(15M) 5.883ms
[312.501s][info][gc] GC(11) Pause Young (Allocation Failure) 9M->5M(15M) 2.064ms
[356.417s][info][gc] GC(12) Pause Young (Allocation Failure) 9M->5M(15M) 4.056ms
[371.652s][info][gc] GC(13) Pause Young (Allocation Failure) 9M->7M(15M) 6.606ms
[371.718s][info][gc] GC(14) Pause Young (Allocation Failure) 11M->9M(15M) 10.667ms
[371.789s][info][gc] GC(15) Pause Young (Allocation Failure) 13M->13M(15M) 0.075ms
[371.872s][info][gc] GC(16) Pause Full (Allocation Failure) 13M->8M(15M) 83.655ms
[371.941s][info][gc] GC(17) Pause Young (Allocation Failure) 12M->10M(15M) 11.198ms
[371.978s][info][gc] GC(18) Pause Young (Allocation Failure) 14M->14M(15M) 0.108ms
[372.021s][info][gc] GC(19) Pause Full (Allocation Failure) 14M->8M(15M) 42.864ms
[372.067s][info][gc] GC(20) Pause Young (Allocation Failure) 12M->10M(15M) 9.324ms
[389.433s][info][gc] GC(21) Pause Young (Allocation Failure) 14M->14M(15M) 0.177ms
[389.483s][info][gc] GC(22) Pause Full (Allocation Failure) 14M->6M(15M) 49.683ms
[431.658s][info][gc] GC(23) Pause Young (Allocation Failure) 11M->6M(15M) 7.076ms
[474.699s][info][gc] GC(24) Pause Young (Allocation Failure) 11M->6M(15M) 1.568ms
[488.308s][info][gc] GC(25) Pause Young (Allocation Failure) 11M->8M(15M) 5.850ms
[488.342s][info][gc] GC(26) Pause Young (Allocation Failure) 12M->10M(15M) 8.119ms
[488.370s][info][gc] GC(27) Pause Young (Allocation Failure) 15M->15M(15M) 0.074ms
[488.426s][info][gc] GC(28) Pause Full (Allocation Failure) 15M->7M(15M) 55.711ms
[488.530s][info][gc] GC(29) Pause Young (Allocation Failure) 12M->10M(15M) 13.279ms
[488.575s][info][gc] GC(30) Pause Young (Allocation Failure) 14M->14M(15M) 0.076ms
[488.632s][info][gc] GC(31) Pause Full (Allocation Failure) 14M->8M(15M) 57.222ms
[488.654s][info][gc] GC(32) Pause Young (Allocation Failure) 12M->12M(15M) 0.076ms
[488.693s][info][gc] GC(33) Pause Full (Allocation Failure) 12M->6M(15M) 38.557ms
[488.717s][info][gc] GC(34) Pause Young (Allocation Failure) 11M->9M(15M) 9.984ms
[488.754s][info][gc] GC(35) Pause Young (Allocation Failure) 13M->13M(15M) 0.141ms
[488.807s][info][gc] GC(36) Pause Full (Allocation Failure) 13M->8M(15M) 52.955ms
[488.829s][info][gc] GC(37) Pause Young (Allocation Failure) 12M->12M(15M) 0.086ms
[488.866s][info][gc] GC(38) Pause Full (Allocation Failure) 12M->6M(15M) 37.647ms
[510.512s][info][gc] GC(39) Pause Young (Allocation Failure) 10M->7M(15M) 11.980ms
[552.794s][info][gc] GC(40) Pause Young (Allocation Failure) 12M->7M(15M) 2.887ms
[595.542s][info][gc] GC(41) Pause Young (Allocation Failure) 11M->7M(15M) 1.460ms
[607.820s][info][gc] GC(42) Pause Young (Allocation Failure) 11M->9M(15M) 5.653ms
[607.832s][info][gc] GC(43) Pause Young (Allocation Failure) 13M->13M(15M) 0.075ms
[607.882s][info][gc] GC(44) Pause Full (Allocation Failure) 13M->7M(15M) 49.179ms
[607.915s][info][gc] GC(45) Pause Young (Allocation Failure) 11M->10M(15M) 11.083ms
[607.934s][info][gc] GC(46) Pause Young (Allocation Failure) 14M->14M(15M) 0.116ms
[607.979s][info][gc] GC(47) Pause Full (Allocation Failure) 14M->8M(15M) 45.507ms
[608.002s][info][gc] GC(48) Pause Young (Allocation Failure) 12M->12M(15M) 0.075ms
[608.044s][info][gc] GC(49) Pause Full (Allocation Failure) 12M->7M(15M) 42.237ms
[608.068s][info][gc] GC(50) Pause Young (Allocation Failure) 11M->9M(15M) 9.295ms
[608.080s][info][gc] GC(51) Pause Young (Allocation Failure) 13M->13M(15M) 0.077ms
[608.134s][info][gc] GC(52) Pause Full (Allocation Failure) 13M->7M(15M) 53.931ms
[608.157s][info][gc] GC(53) Pause Young (Allocation Failure) 12M->12M(15M) 0.107ms
[608.199s][info][gc] GC(54) Pause Full (Allocation Failure) 12M->7M(15M) 41.727ms
[608.227s][info][gc] GC(55) Pause Young (Allocation Failure) 11M->9M(15M) 14.070ms
[608.241s][info][gc] GC(56) Pause Young (Allocation Failure) 13M->13M(15M) 0.080ms
[608.286s][info][gc] GC(57) Pause Full (Allocation Failure) 13M->8M(15M) 45.124ms
[608.299s][info][gc] GC(58) Pause Young (Allocation Failure) 12M->12M(15M) 0.095ms
[608.345s][info][gc] GC(59) Pause Full (Allocation Failure) 12M->9M(15M) 46.350ms
[608.360s][info][gc] GC(60) Pause Young (Allocation Failure) 13M->13M(15M) 0.124ms
[608.400s][info][gc] GC(61) Pause Full (Allocation Failure) 13M->6M(15M) 39.909ms
[631.904s][info][gc] GC(62) Pause Young (Allocation Failure) 11M->7M(15M) 13.152ms
[675.685s][info][gc] GC(63) Pause Young (Allocation Failure) 12M->7M(15M) 2.343ms
[717.720s][info][gc] GC(64) Pause Young (Allocation Failure) 11M->7M(15M) 1.882ms
[761.080s][info][gc] GC(65) Pause Young (Allocation Failure) 11M->7M(15M) 1.609ms
[769.633s][info][gc] GC(66) Pause Young (Allocation Failure) 11M->9M(15M) 6.892ms
[769.647s][info][gc] GC(67) Pause Young (Allocation Failure) 13M->13M(15M) 0.074ms
[769.690s][info][gc] GC(68) Pause Full (Allocation Failure) 13M->7M(15M) 43.062ms
[769.724s][info][gc] GC(69) Pause Young (Allocation Failure) 12M->10M(15M) 13.830ms
[769.743s][info][gc] GC(70) Pause Young (Allocation Failure) 14M->14M(15M) 0.102ms
[769.785s][info][gc] GC(71) Pause Full (Allocation Failure) 14M->7M(15M) 42.246ms
[769.805s][info][gc] GC(72) Pause Young (Allocation Failure) 12M->12M(15M) 0.079ms
[769.840s][info][gc] GC(73) Pause Full (Allocation Failure) 12M->6M(15M) 34.882ms
[769.864s][info][gc] GC(74) Pause Young (Allocation Failure) 11M->9M(15M) 8.457ms
[799.125s][info][gc] GC(75) Pause Young (Allocation Failure) 13M->13M(15M) 0.164ms
[799.176s][info][gc] GC(76) Pause Full (Allocation Failure) 13M->5M(15M) 50.927ms
[842.182s][info][gc] GC(77) Pause Young (Allocation Failure) 9M->5M(15M) 5.248ms
[872.856s][info][gc] GC(78) Pause Young (Allocation Failure) 9M->6M(15M) 3.606ms
[872.886s][info][gc] GC(79) Pause Young (Allocation Failure) 10M->8M(15M) 14.160ms
[872.901s][info][gc] GC(80) Pause Young (Allocation Failure) 12M->12M(15M) 0.085ms
[872.964s][info][gc] GC(81) Pause Full (Allocation Failure) 12M->8M(15M) 62.945ms
[872.980s][info][gc] GC(82) Pause Young (Allocation Failure) 12M->12M(15M) 0.075ms
[873.015s][info][gc] GC(83) Pause Full (Allocation Failure) 12M->6M(15M) 35.405ms
[873.041s][info][gc] GC(84) Pause Young (Allocation Failure) 11M->9M(15M) 9.924ms
[873.053s][info][gc] GC(85) Pause Young (Allocation Failure) 13M->13M(15M) 0.074ms
[873.090s][info][gc] GC(86) Pause Full (Allocation Failure) 13M->8M(15M) 37.292ms
[879.816s][info][gc] GC(87) Pause Young (Allocation Failure) 12M->12M(15M) 0.175ms
[879.861s][info][gc] GC(88) Pause Full (Allocation Failure) 12M->5M(15M) 44.919ms
[923.277s][info][gc] GC(89) Pause Young (Allocation Failure) 10M->5M(15M) 4.301ms
[966.873s][info][gc] GC(90) Pause Young (Allocation Failure) 10M->5M(15M) 1.547ms
[1010.901s][info][gc] GC(91) Pause Young (Allocation Failure) 10M->5M(15M) 1.328ms
[1055.445s][info][gc] GC(92) Pause Young (Allocation Failure) 10M->5M(15M) 1.444ms
[1099.501s][info][gc] GC(93) Pause Young (Allocation Failure) 10M->5M(15M) 0.825ms
[1143.972s][info][gc] GC(94) Pause Young (Allocation Failure) 10M->5M(15M) 1.577ms
[1188.620s][info][gc] GC(95) Pause Young (Allocation Failure) 10M->5M(15M) 1.691ms
[1232.680s][info][gc] GC(96) Pause Young (Allocation Failure) 10M->5M(15M) 0.922ms
[1276.735s][info][gc] GC(97) Pause Young (Allocation Failure) 10M->5M(15M) 1.045ms
[1321.789s][info][gc] GC(98) Pause Young (Allocation Failure) 10M->5M(15M) 1.078ms
[1365.846s][info][gc] GC(99) Pause Young (Allocation Failure) 10M->5M(15M) 2.162ms
[1410.897s][info][gc] GC(100) Pause Young (Allocation Failure) 10M->5M(15M) 0.741ms
[1455.156s][info][gc] GC(101) Pause Young (Allocation Failure) 10M->5M(15M) 1.633ms
[1500.002s][info][gc] GC(102) Pause Young (Allocation Failure) 10M->5M(15M) 1.018ms
[1544.054s][info][gc] GC(103) Pause Young (Allocation Failure) 10M->5M(15M) 0.932ms
