[0.249s][info][gc] Using Serial
[8.363s][info][gc] GC(0) Pause Young (Allocation Failure) 4M->2M(15M) 13.185ms
[8.759s][info][gc] GC(1) Pause Young (Allocation Failure) 6M->2M(15M) 7.833ms
[8.993s][info][gc] GC(2) Pause Young (Allocation Failure) 7M->4M(15M) 11.068ms
[11.624s][info][gc] GC(3) Pause Young (Allocation Failure) 8M->4M(15M) 13.929ms
[12.839s][info][gc] GC(4) Pause Young (Allocation Failure) 8M->5M(15M) 7.849ms
[36.012s][info][gc] GC(5) Pause Young (Allocation Failure) 9M->5M(15M) 6.126ms
[76.036s][info][gc] GC(6) Pause Young (Allocation Failure) 9M->5M(15M) 2.082ms
[99.135s][info][gc] GC(7) Pause Young (Allocation Failure) 9M->5M(15M) 2.067ms
[99.181s][info][gc] GC(8) Pause Young (Allocation Failure) 9M->5M(15M) 2.517ms
[99.259s][info][gc] GC(9) Pause Young (Allocation Failure) 9M->5M(15M) 2.644ms
[99.301s][info][gc] GC(10) Pause Young (Allocation Failure) 9M->5M(15M) 1.852ms
[99.330s][info][gc] GC(11) Pause Young (Allocation Failure) 9M->5M(15M) 1.892ms
[111.000s][info][gc] GC(12) Pause Young (Allocation Failure) 9M->5M(15M) 2.335ms
[152.133s][info][gc] GC(13) Pause Young (Allocation Failure) 10M->5M(15M) 5.554ms
[179.847s][info][gc] GC(14) Pause Young (Allocation Failure) 10M->5M(15M) 1.846ms
[179.867s][info][gc] GC(15) Pause Young (Allocation Failure) 10M->5M(15M) 1.189ms
[179.884s][info][gc] GC(16) Pause Young (Allocation Failure) 9M->5M(15M) 1.211ms
[179.908s][info][gc] GC(17) Pause Young (Allocation Failure) 9M->5M(15M) 1.724ms
[179.930s][info][gc] GC(18) Pause Young (Allocation Failure) 10M->5M(15M) 1.321ms
[191.179s][info][gc] GC(19) Pause Young (Allocation Failure) 9M->5M(15M) 4.287ms
[234.224s][info][gc] GC(20) Pause Young (Allocation Failure) 10M->5M(15M) 1.556ms
