[0.023s][info][gc] Using Serial
[25.443s][info][gc] GC(0) Pause Young (Allocation Failure) 4M->1M(15M) 7.469ms
[25.752s][info][gc] GC(1) Pause Young (Allocation Failure) 6M->2M(15M) 7.206ms
[25.969s][info][gc] GC(2) Pause Young (Allocation Failure) 6M->2M(15M) 5.562ms
[27.879s][info][gc] GC(3) Pause Young (Allocation Failure) 7M->3M(15M) 5.054ms
[28.772s][info][gc] GC(4) Pause Young (Allocation Failure) 7M->4M(15M) 10.585ms
[54.031s][info][gc] GC(5) Pause Young (Allocation Failure) 8M->4M(15M) 10.454ms
[78.387s][info][gc] GC(6) Pause Young (Allocation Failure) 8M->5M(15M) 4.300ms
[78.470s][info][gc] GC(7) Pause Young (Allocation Failure) 9M->7M(15M) 10.128ms
[78.584s][info][gc] GC(8) Pause Young (Allocation Failure) 11M->9M(15M) 12.598ms
[78.652s][info][gc] GC(9) Pause Young (Allocation Failure) 13M->13M(15M) 0.098ms
[78.723s][info][gc] GC(10) Pause Full (Allocation Failure) 13M->8M(15M) 70.244ms
[78.784s][info][gc] GC(11) Pause Young (Allocation Failure) 13M->13M(15M) 0.131ms
[78.833s][info][gc] GC(12) Pause Full (Allocation Failure) 13M->6M(15M) 49.303ms
[78.885s][info][gc] GC(13) Pause Young (Allocation Failure) 11M->9M(15M) 10.907ms
[85.197s][info][gc] GC(14) Pause Young (Allocation Failure) 13M->13M(15M) 0.164ms
[85.258s][info][gc] GC(15) Pause Full (Allocation Failure) 13M->7M(15M) 60.665ms
[126.109s][info][gc] GC(16) Pause Young (Allocation Failure) 11M->7M(15M) 4.372ms
[143.010s][info][gc] GC(17) Pause Young (Allocation Failure) 11M->8M(15M) 4.604ms
[143.036s][info][gc] GC(18) Pause Young (Allocation Failure) 13M->13M(15M) 0.074ms
[143.084s][info][gc] GC(19) Pause Full (Allocation Failure) 13M->6M(15M) 47.652ms
[143.124s][info][gc] GC(20) Pause Young (Allocation Failure) 11M->9M(15M) 11.205ms
[143.166s][info][gc] GC(21) Pause Young (Allocation Failure) 13M->13M(15M) 0.102ms
[143.208s][info][gc] GC(22) Pause Full (Allocation Failure) 13M->7M(15M) 42.627ms
[143.288s][info][gc] GC(23) Pause Young (Allocation Failure) 12M->10M(15M) 12.539ms
[143.366s][info][gc] GC(24) Pause Young (Allocation Failure) 14M->14M(15M) 0.107ms
[143.408s][info][gc] GC(25) Pause Full (Allocation Failure) 14M->8M(15M) 42.473ms
[158.154s][info][gc] GC(26) Pause Young (Allocation Failure) 12M->12M(15M) 0.253ms
[158.215s][info][gc] GC(27) Pause Full (Allocation Failure) 12M->6M(15M) 60.914ms
[199.201s][info][gc] GC(28) Pause Young (Allocation Failure) 10M->6M(15M) 5.348ms
[240.275s][info][gc] GC(29) Pause Young (Allocation Failure) 10M->6M(15M) 0.774ms
[282.306s][info][gc] GC(30) Pause Young (Allocation Failure) 10M->6M(15M) 1.860ms
[324.352s][info][gc] GC(31) Pause Young (Allocation Failure) 10M->6M(15M) 1.873ms
[365.394s][info][gc] GC(32) Pause Young (Allocation Failure) 10M->6M(15M) 0.971ms
[377.796s][info][gc] GC(33) Pause Young (Allocation Failure) 10M->8M(15M) 6.078ms
[377.816s][info][gc] GC(34) Pause Young (Allocation Failure) 12M->10M(15M) 7.804ms
[377.829s][info][gc] GC(35) Pause Young (Allocation Failure) 14M->14M(15M) 0.075ms
[377.879s][info][gc] GC(36) Pause Full (Allocation Failure) 14M->7M(15M) 50.505ms
[377.906s][info][gc] GC(37) Pause Young (Allocation Failure) 12M->10M(15M) 9.534ms
[377.918s][info][gc] GC(38) Pause Young (Allocation Failure) 14M->14M(15M) 0.074ms
[377.962s][info][gc] GC(39) Pause Full (Allocation Failure) 14M->8M(15M) 43.843ms
[377.975s][info][gc] GC(40) Pause Young (Allocation Failure) 12M->12M(15M) 0.090ms
[378.014s][info][gc] GC(41) Pause Full (Allocation Failure) 12M->7M(15M) 38.609ms
[401.440s][info][gc] GC(42) Pause Young (Allocation Failure) 11M->8M(15M) 4.960ms
[444.488s][info][gc] GC(43) Pause Young (Allocation Failure) 12M->12M(15M) 0.104ms
[444.538s][info][gc] GC(44) Pause Full (Allocation Failure) 12M->4M(15M) 50.016ms
[463.993s][info][gc] GC(45) Pause Young (Allocation Failure) 8M->5M(15M) 4.670ms
[464.019s][info][gc] GC(46) Pause Young (Allocation Failure) 10M->8M(15M) 12.327ms
[464.040s][info][gc] GC(47) Pause Young (Allocation Failure) 12M->10M(15M) 8.148ms
[464.053s][info][gc] GC(48) Pause Young (Allocation Failure) 14M->14M(15M) 0.126ms
[464.111s][info][gc] GC(49) Pause Full (Allocation Failure) 14M->9M(15M) 58.415ms
[464.130s][info][gc] GC(50) Pause Young (Allocation Failure) 13M->13M(15M) 0.106ms
[464.170s][info][gc] GC(51) Pause Full (Allocation Failure) 13M->7M(15M) 40.573ms
[464.185s][info][gc] GC(52) Pause Young (Allocation Failure) 12M->12M(15M) 0.076ms
[464.222s][info][gc] GC(53) Pause Full (Allocation Failure) 12M->6M(15M) 36.793ms
[464.244s][info][gc] GC(54) Pause Young (Allocation Failure) 11M->9M(15M) 8.316ms
[464.258s][info][gc] GC(55) Pause Young (Allocation Failure) 13M->13M(15M) 0.103ms
[464.311s][info][gc] GC(56) Pause Full (Allocation Failure) 13M->8M(15M) 52.956ms
[464.329s][info][gc] GC(57) Pause Young (Allocation Failure) 12M->12M(15M) 0.074ms
[464.371s][info][gc] GC(58) Pause Full (Allocation Failure) 12M->6M(15M) 42.112ms
[464.396s][info][gc] GC(59) Pause Young (Allocation Failure) 10M->9M(15M) 8.914ms
[464.414s][info][gc] GC(60) Pause Young (Allocation Failure) 13M->13M(15M) 0.113ms
[464.459s][info][gc] GC(61) Pause Full (Allocation Failure) 13M->7M(15M) 44.490ms
[464.493s][info][gc] GC(62) Pause Young (Allocation Failure) 12M->12M(15M) 0.107ms
[464.535s][info][gc] GC(63) Pause Full (Allocation Failure) 12M->7M(15M) 42.566ms
[464.564s][info][gc] GC(64) Pause Young (Allocation Failure) 11M->9M(15M) 8.638ms
[464.588s][info][gc] GC(65) Pause Young (Allocation Failure) 13M->13M(15M) 0.078ms
[464.633s][info][gc] GC(66) Pause Full (Allocation Failure) 13M->8M(15M) 45.335ms
[464.653s][info][gc] GC(67) Pause Young (Allocation Failure) 12M->12M(15M) 0.075ms
[464.693s][info][gc] GC(68) Pause Full (Allocation Failure) 12M->6M(15M) 40.251ms
[464.723s][info][gc] GC(69) Pause Young (Allocation Failure) 11M->9M(15M) 8.889ms
[464.736s][info][gc] GC(70) Pause Young (Allocation Failure) 13M->13M(15M) 0.074ms
[464.793s][info][gc] GC(71) Pause Full (Allocation Failure) 13M->8M(15M) 56.238ms
[464.811s][info][gc] GC(72) Pause Young (Allocation Failure) 12M->12M(15M) 0.088ms
[464.853s][info][gc] GC(73) Pause Full (Allocation Failure) 12M->7M(15M) 42.237ms
[464.879s][info][gc] GC(74) Pause Young (Allocation Failure) 11M->9M(15M) 8.774ms
[464.892s][info][gc] GC(75) Pause Young (Allocation Failure) 13M->13M(15M) 0.076ms
[464.936s][info][gc] GC(76) Pause Full (Allocation Failure) 13M->8M(15M) 44.041ms
[464.953s][info][gc] GC(77) Pause Young (Allocation Failure) 12M->12M(15M) 0.079ms
[464.993s][info][gc] GC(78) Pause Full (Allocation Failure) 12M->6M(15M) 40.432ms
[465.016s][info][gc] GC(79) Pause Young (Allocation Failure) 10M->9M(15M) 8.900ms
[465.030s][info][gc] GC(80) Pause Young (Allocation Failure) 13M->13M(15M) 0.075ms
[465.074s][info][gc] GC(81) Pause Full (Allocation Failure) 13M->8M(15M) 44.568ms
[465.091s][info][gc] GC(82) Pause Young (Allocation Failure) 12M->12M(15M) 0.116ms
[465.131s][info][gc] GC(83) Pause Full (Allocation Failure) 12M->7M(15M) 39.808ms
[465.144s][info][gc] GC(84) Pause Young (Allocation Failure) 11M->11M(15M) 0.074ms
[465.183s][info][gc] GC(85) Pause Full (Allocation Failure) 11M->7M(15M) 38.963ms
[465.195s][info][gc] GC(86) Pause Young (Allocation Failure) 11M->11M(15M) 0.074ms
[465.233s][info][gc] GC(87) Pause Full (Allocation Failure) 11M->6M(15M) 37.873ms
[465.254s][info][gc] GC(88) Pause Young (Allocation Failure) 11M->9M(15M) 8.372ms
[465.267s][info][gc] GC(89) Pause Young (Allocation Failure) 13M->13M(15M) 0.076ms
[465.310s][info][gc] GC(90) Pause Full (Allocation Failure) 13M->8M(15M) 43.196ms
[465.332s][info][gc] GC(91) Pause Young (Allocation Failure) 12M->12M(15M) 0.109ms
[465.377s][info][gc] GC(92) Pause Full (Allocation Failure) 12M->7M(15M) 44.904ms
[465.397s][info][gc] GC(93) Pause Young (Allocation Failure) 11M->11M(15M) 0.073ms
[465.440s][info][gc] GC(94) Pause Full (Allocation Failure) 11M->7M(15M) 42.802ms
[485.535s][info][gc] GC(95) Pause Young (Allocation Failure) 11M->11M(15M) 0.162ms
[485.583s][info][gc] GC(96) Pause Full (Allocation Failure) 11M->5M(15M) 48.355ms
[501.095s][info][gc] GC(97) Pause Young (Allocation Failure) 9M->7M(15M) 5.574ms
[501.116s][info][gc] GC(98) Pause Young (Allocation Failure) 11M->9M(15M) 8.021ms
[501.128s][info][gc] GC(99) Pause Young (Allocation Failure) 13M->13M(15M) 0.085ms
[501.179s][info][gc] GC(100) Pause Full (Allocation Failure) 13M->8M(15M) 50.811ms
[501.194s][info][gc] GC(101) Pause Young (Allocation Failure) 12M->12M(15M) 0.073ms
[501.238s][info][gc] GC(102) Pause Full (Allocation Failure) 12M->8M(15M) 43.937ms
[501.254s][info][gc] GC(103) Pause Young (Allocation Failure) 13M->13M(15M) 0.073ms
[501.292s][info][gc] GC(104) Pause Full (Allocation Failure) 13M->7M(15M) 37.739ms
[501.305s][info][gc] GC(105) Pause Young (Allocation Failure) 11M->11M(15M) 0.075ms
[501.342s][info][gc] GC(106) Pause Full (Allocation Failure) 11M->6M(15M) 36.805ms
[501.364s][info][gc] GC(107) Pause Young (Allocation Failure) 10M->9M(15M) 10.049ms
[501.377s][info][gc] GC(108) Pause Young (Allocation Failure) 13M->13M(15M) 0.075ms
[501.428s][info][gc] GC(109) Pause Full (Allocation Failure) 13M->7M(15M) 50.910ms
[501.448s][info][gc] GC(110) Pause Young (Allocation Failure) 12M->12M(15M) 0.082ms
[501.485s][info][gc] GC(111) Pause Full (Allocation Failure) 12M->7M(15M) 36.858ms
[501.499s][info][gc] GC(112) Pause Young (Allocation Failure) 11M->11M(15M) 0.082ms
[501.541s][info][gc] GC(113) Pause Full (Allocation Failure) 11M->7M(15M) 41.714ms
[501.561s][info][gc] GC(114) Pause Young (Allocation Failure) 11M->11M(15M) 0.071ms
[501.598s][info][gc] GC(115) Pause Full (Allocation Failure) 11M->6M(15M) 36.742ms
[501.622s][info][gc] GC(116) Pause Young (Allocation Failure) 10M->8M(15M) 8.422ms
[501.635s][info][gc] GC(117) Pause Young (Allocation Failure) 13M->13M(15M) 0.074ms
[501.678s][info][gc] GC(118) Pause Full (Allocation Failure) 13M->8M(15M) 42.640ms
[501.692s][info][gc] GC(119) Pause Young (Allocation Failure) 12M->12M(15M) 0.076ms
[501.730s][info][gc] GC(120) Pause Full (Allocation Failure) 12M->7M(15M) 37.977ms
[501.744s][info][gc] GC(121) Pause Young (Allocation Failure) 11M->11M(15M) 0.076ms
[501.788s][info][gc] GC(122) Pause Full (Allocation Failure) 11M->7M(15M) 43.346ms
[501.800s][info][gc] GC(123) Pause Young (Allocation Failure) 11M->11M(15M) 0.074ms
[501.841s][info][gc] GC(124) Pause Full (Allocation Failure) 11M->6M(15M) 41.060ms
[501.866s][info][gc] GC(125) Pause Young (Allocation Failure) 11M->9M(15M) 9.300ms
[501.880s][info][gc] GC(126) Pause Young (Allocation Failure) 13M->13M(15M) 0.075ms
[501.935s][info][gc] GC(127) Pause Full (Allocation Failure) 13M->8M(15M) 54.221ms
[501.956s][info][gc] GC(128) Pause Young (Allocation Failure) 12M->12M(15M) 0.116ms
[502.001s][info][gc] GC(129) Pause Full (Allocation Failure) 12M->7M(15M) 44.639ms
[502.023s][info][gc] GC(130) Pause Young (Allocation Failure) 11M->11M(15M) 0.073ms
[502.067s][info][gc] GC(131) Pause Full (Allocation Failure) 11M->7M(15M) 44.627ms
[502.085s][info][gc] GC(132) Pause Young (Allocation Failure) 11M->11M(15M) 0.075ms
[502.129s][info][gc] GC(133) Pause Full (Allocation Failure) 11M->6M(15M) 43.599ms
[502.153s][info][gc] GC(134) Pause Young (Allocation Failure) 11M->9M(15M) 9.134ms
[502.166s][info][gc] GC(135) Pause Young (Allocation Failure) 13M->13M(15M) 0.074ms
[502.212s][info][gc] GC(136) Pause Full (Allocation Failure) 13M->8M(15M) 46.069ms
[502.228s][info][gc] GC(137) Pause Young (Allocation Failure) 12M->12M(15M) 0.076ms
[502.269s][info][gc] GC(138) Pause Full (Allocation Failure) 12M->7M(15M) 40.874ms
[502.283s][info][gc] GC(139) Pause Young (Allocation Failure) 11M->11M(15M) 0.086ms
[502.325s][info][gc] GC(140) Pause Full (Allocation Failure) 11M->7M(15M) 41.603ms
[502.340s][info][gc] GC(141) Pause Young (Allocation Failure) 11M->11M(15M) 0.076ms
[502.379s][info][gc] GC(142) Pause Full (Allocation Failure) 11M->6M(15M) 38.837ms
[502.393s][info][gc] GC(143) Pause Young (Allocation Failure) 11M->11M(15M) 0.077ms
[502.435s][info][gc] GC(144) Pause Full (Allocation Failure) 11M->7M(15M) 42.433ms
[502.454s][info][gc] GC(145) Pause Young (Allocation Failure) 11M->11M(15M) 0.075ms
[502.494s][info][gc] GC(146) Pause Full (Allocation Failure) 11M->7M(15M) 40.022ms
[502.509s][info][gc] GC(147) Pause Young (Allocation Failure) 11M->11M(15M) 0.075ms
[502.549s][info][gc] GC(148) Pause Full (Allocation Failure) 11M->7M(15M) 39.964ms
[502.564s][info][gc] GC(149) Pause Young (Allocation Failure) 11M->11M(15M) 0.126ms
[502.604s][info][gc] GC(150) Pause Full (Allocation Failure) 11M->6M(15M) 39.195ms
[502.624s][info][gc] GC(151) Pause Young (Allocation Failure) 11M->9M(15M) 8.551ms
[502.637s][info][gc] GC(152) Pause Young (Allocation Failure) 13M->13M(15M) 0.075ms
[502.679s][info][gc] GC(153) Pause Full (Allocation Failure) 13M->8M(15M) 41.724ms
[502.690s][info][gc] GC(154) Pause Young (Allocation Failure) 12M->12M(15M) 0.073ms
[502.736s][info][gc] GC(155) Pause Full (Allocation Failure) 12M->9M(15M) 46.271ms
[502.752s][info][gc] GC(156) Pause Young (Allocation Failure) 13M->13M(15M) 0.076ms
[502.791s][info][gc] GC(157) Pause Full (Allocation Failure) 13M->7M(15M) 39.023ms
[502.806s][info][gc] GC(158) Pause Young (Allocation Failure) 11M->11M(15M) 0.075ms
[502.844s][info][gc] GC(159) Pause Full (Allocation Failure) 11M->6M(15M) 38.289ms
[502.857s][info][gc] GC(160) Pause Young (Allocation Failure) 11M->11M(15M) 0.076ms
[502.896s][info][gc] GC(161) Pause Full (Allocation Failure) 11M->7M(15M) 38.506ms
[502.908s][info][gc] GC(162) Pause Young (Allocation Failure) 11M->11M(15M) 0.109ms
[502.947s][info][gc] GC(163) Pause Full (Allocation Failure) 11M->7M(15M) 38.708ms
[502.961s][info][gc] GC(164) Pause Young (Allocation Failure) 11M->11M(15M) 0.077ms
[503.004s][info][gc] GC(165) Pause Full (Allocation Failure) 11M->7M(15M) 42.989ms
[503.028s][info][gc] GC(166) Pause Young (Allocation Failure) 11M->11M(15M) 0.107ms
[503.084s][info][gc] GC(167) Pause Full (Allocation Failure) 11M->6M(15M) 56.451ms
[503.098s][info][gc] GC(168) Pause Young (Allocation Failure) 11M->11M(15M) 0.083ms
[503.140s][info][gc] GC(169) Pause Full (Allocation Failure) 11M->7M(15M) 42.086ms
[503.153s][info][gc] GC(170) Pause Young (Allocation Failure) 11M->11M(15M) 0.098ms
[503.192s][info][gc] GC(171) Pause Full (Allocation Failure) 11M->7M(15M) 38.423ms
[503.204s][info][gc] GC(172) Pause Young (Allocation Failure) 11M->11M(15M) 0.075ms
[503.243s][info][gc] GC(173) Pause Full (Allocation Failure) 11M->7M(15M) 39.637ms
[503.256s][info][gc] GC(174) Pause Young (Allocation Failure) 11M->11M(15M) 0.077ms
[503.293s][info][gc] GC(175) Pause Full (Allocation Failure) 11M->6M(15M) 37.424ms
[503.315s][info][gc] GC(176) Pause Young (Allocation Failure) 11M->9M(15M) 8.476ms
[503.325s][info][gc] GC(177) Pause Young (Allocation Failure) 13M->13M(15M) 0.072ms
[503.368s][info][gc] GC(178) Pause Full (Allocation Failure) 13M->8M(15M) 42.282ms
[503.383s][info][gc] GC(179) Pause Young (Allocation Failure) 12M->12M(15M) 0.082ms
[503.428s][info][gc] GC(180) Pause Full (Allocation Failure) 12M->7M(15M) 45.841ms
[503.445s][info][gc] GC(181) Pause Young (Allocation Failure) 11M->11M(15M) 0.076ms
[503.483s][info][gc] GC(182) Pause Full (Allocation Failure) 11M->7M(15M) 38.213ms
[503.497s][info][gc] GC(183) Pause Young (Allocation Failure) 11M->11M(15M) 0.091ms
[503.534s][info][gc] GC(184) Pause Full (Allocation Failure) 11M->6M(15M) 37.751ms
[503.547s][info][gc] GC(185) Pause Young (Allocation Failure) 11M->11M(15M) 0.072ms
[503.585s][info][gc] GC(186) Pause Full (Allocation Failure) 11M->7M(15M) 37.582ms
[503.600s][info][gc] GC(187) Pause Young (Allocation Failure) 11M->11M(15M) 0.078ms
[503.642s][info][gc] GC(188) Pause Full (Allocation Failure) 11M->7M(15M) 41.392ms
[503.655s][info][gc] GC(189) Pause Young (Allocation Failure) 11M->11M(15M) 0.082ms
[503.694s][info][gc] GC(190) Pause Full (Allocation Failure) 11M->7M(15M) 39.392ms
[503.709s][info][gc] GC(191) Pause Young (Allocation Failure) 11M->11M(15M) 0.076ms
[503.747s][info][gc] GC(192) Pause Full (Allocation Failure) 11M->6M(15M) 37.854ms
[503.762s][info][gc] GC(193) Pause Young (Allocation Failure) 11M->11M(15M) 0.111ms
[503.800s][info][gc] GC(194) Pause Full (Allocation Failure) 11M->7M(15M) 38.629ms
[503.815s][info][gc] GC(195) Pause Young (Allocation Failure) 11M->11M(15M) 0.073ms
[503.854s][info][gc] GC(196) Pause Full (Allocation Failure) 11M->7M(15M) 38.873ms
[503.868s][info][gc] GC(197) Pause Young (Allocation Failure) 11M->11M(15M) 0.082ms
[503.908s][info][gc] GC(198) Pause Full (Allocation Failure) 11M->7M(15M) 40.744ms
[503.923s][info][gc] GC(199) Pause Young (Allocation Failure) 11M->11M(15M) 0.076ms
[503.963s][info][gc] GC(200) Pause Full (Allocation Failure) 11M->6M(15M) 40.687ms
[503.977s][info][gc] GC(201) Pause Young (Allocation Failure) 11M->11M(15M) 0.074ms
[504.014s][info][gc] GC(202) Pause Full (Allocation Failure) 11M->7M(15M) 37.626ms
[504.027s][info][gc] GC(203) Pause Young (Allocation Failure) 11M->11M(15M) 0.124ms
[504.067s][info][gc] GC(204) Pause Full (Allocation Failure) 11M->7M(15M) 39.727ms
[504.081s][info][gc] GC(205) Pause Young (Allocation Failure) 11M->11M(15M) 0.075ms
[504.119s][info][gc] GC(206) Pause Full (Allocation Failure) 11M->7M(15M) 37.714ms
[504.133s][info][gc] GC(207) Pause Young (Allocation Failure) 11M->11M(15M) 0.073ms
[504.171s][info][gc] GC(208) Pause Full (Allocation Failure) 11M->6M(15M) 38.358ms
[528.585s][info][gc] GC(209) Pause Young (Allocation Failure) 11M->11M(15M) 0.226ms
[528.636s][info][gc] GC(210) Pause Full (Allocation Failure) 11M->5M(15M) 50.462ms
[564.634s][info][gc] GC(211) Pause Young (Allocation Failure) 9M->5M(15M) 1.063ms
[608.502s][info][gc] GC(212) Pause Young (Allocation Failure) 9M->5M(15M) 1.669ms
[650.730s][info][gc] GC(213) Pause Young (Allocation Failure) 9M->5M(15M) 1.789ms
[694.781s][info][gc] GC(214) Pause Young (Allocation Failure) 9M->5M(15M) 1.590ms
[738.832s][info][gc] GC(215) Pause Young (Allocation Failure) 9M->5M(15M) 0.861ms
[782.892s][info][gc] GC(216) Pause Young (Allocation Failure) 9M->5M(15M) 1.973ms
[827.940s][info][gc] GC(217) Pause Young (Allocation Failure) 9M->5M(15M) 0.629ms
[871.997s][info][gc] GC(218) Pause Young (Allocation Failure) 9M->5M(15M) 0.765ms
[916.049s][info][gc] GC(219) Pause Young (Allocation Failure) 9M->5M(15M) 2.607ms
[957.129s][info][gc] GC(220) Pause Young (Allocation Failure) 9M->5M(15M) 0.919ms
[1000.184s][info][gc] GC(221) Pause Young (Allocation Failure) 9M->5M(15M) 2.256ms
[1044.126s][info][gc] GC(222) Pause Young (Allocation Failure) 9M->5M(15M) 1.127ms
[1088.170s][info][gc] GC(223) Pause Young (Allocation Failure) 9M->5M(15M) 0.869ms
[1132.336s][info][gc] GC(224) Pause Young (Allocation Failure) 9M->5M(15M) 0.785ms
[1177.271s][info][gc] GC(225) Pause Young (Allocation Failure) 9M->5M(15M) 1.631ms
[1221.463s][info][gc] GC(226) Pause Young (Allocation Failure) 9M->5M(15M) 2.299ms
[1265.509s][info][gc] GC(227) Pause Young (Allocation Failure) 9M->5M(15M) 1.070ms
[1310.341s][info][gc] GC(228) Pause Young (Allocation Failure) 9M->5M(15M) 2.131ms
[1354.622s][info][gc] GC(229) Pause Young (Allocation Failure) 9M->5M(15M) 0.766ms
[1399.680s][info][gc] GC(230) Pause Young (Allocation Failure) 9M->5M(15M) 1.879ms
[1443.739s][info][gc] GC(231) Pause Young (Allocation Failure) 9M->5M(15M) 2.273ms
