1[0.018s][info][gc] Using Parallel
[1.165s][info][gc] GC(0) Pause Young (Allocation Failure) 3M->1M(11M) 25.093ms
[16.388s][info][gc] GC(1) Pause Young (Allocation Failure) 4M->2M(11M) 5.665ms
[16.570s][info][gc] GC(2) Pause Young (Allocation Failure) 5M->3M(11M) 3.585ms
[16.707s][info][gc] GC(3) Pause Young (Allocation Failure) 6M->3M(11M) 4.641ms
[16.815s][info][gc] GC(4) Pause Young (Allocation Failure) 6M->5M(11M) 8.073ms
[18.213s][info][gc] GC(5) Pause Young (Allocation Failure) 8M->6M(10M) 4.186ms
[18.590s][info][gc] GC(6) Pause Young (Allocation Failure) 8M->6M(11M) 6.702ms
[19.018s][info][gc] GC(7) Pause Young (Allocation Failure) 8M->7M(11M) 4.426ms
[19.058s][info][gc] GC(8) Pause Full (Ergonomics) 7M->4M(11M) 40.066ms
[30.095s][info][gc] GC(9) Pause Young (Allocation Failure) 6M->4M(11M) 1.134ms
[43.862s][info][gc] GC(10) Pause Young (Allocation Failure) 6M->4M(11M) 1.254ms
[53.081s][info][gc] GC(11) Pause Young (Allocation Failure) 6M->5M(11M) 2.415ms
[66.748s][info][gc] GC(12) Pause Young (Allocation Failure) 7M->5M(11M) 0.657ms
[66.756s][info][gc] GC(13) Pause Young (Allocation Failure) 7M->6M(11M) 0.740ms
[66.764s][info][gc] GC(14) Pause Young (Allocation Failure) 8M->6M(11M) 0.887ms
[66.809s][info][gc] GC(15) Pause Full (Ergonomics) 6M->5M(11M) 44.833ms
[66.860s][info][gc] GC(16) Pause Young (Allocation Failure) 7M->6M(11M) 0.600ms
[66.873s][info][gc] GC(17) Pause Young (Allocation Failure) 8M->6M(11M) 0.508ms
[66.879s][info][gc] GC(18) Pause Young (Allocation Failure) 8M->6M(11M) 0.424ms
[66.884s][info][gc] GC(19) Pause Young (Allocation Failure) 8M->6M(11M) 0.365ms
[66.889s][info][gc] GC(20) Pause Young (Allocation Failure) 7M->6M(11M) 0.352ms
[66.895s][info][gc] GC(21) Pause Young (Allocation Failure) 8M->6M(11M) 0.416ms
[66.900s][info][gc] GC(22) Pause Young (Allocation Failure) 8M->6M(11M) 0.501ms
[66.905s][info][gc] GC(23) Pause Young (Allocation Failure) 8M->6M(11M) 0.410ms
[66.926s][info][gc] GC(24) Pause Full (Ergonomics) 6M->6M(11M) 20.010ms
[66.931s][info][gc] GC(25) Pause Young (Allocation Failure) 8M->6M(11M) 0.509ms
[66.937s][info][gc] GC(26) Pause Young (Allocation Failure) 8M->6M(11M) 0.409ms
[66.942s][info][gc] GC(27) Pause Young (Allocation Failure) 8M->6M(11M) 0.398ms
[66.948s][info][gc] GC(28) Pause Young (Allocation Failure) 8M->7M(11M) 0.376ms
[70.184s][info][gc] GC(29) Pause Young (Allocation Failure) 9M->6M(11M) 1.763ms
[90.086s][info][gc] GC(30) Pause Young (Allocation Failure) 8M->6M(11M) 1.921ms
[100.083s][info][gc] GC(31) Pause Young (Allocation Failure) 8M->7M(11M) 0.832ms
[119.242s][info][gc] GC(32) Pause Young (Allocation Failure) 9M->7M(11M) 1.235ms
[119.267s][info][gc] GC(33) Pause Full (Ergonomics) 7M->5M(11M) 24.894ms
[132.257s][info][gc] GC(34) Pause Young (Allocation Failure) 7M->5M(11M) 0.813ms
[151.107s][info][gc] GC(35) Pause Young (Allocation Failure) 7M->5M(11M) 1.517ms
[170.316s][info][gc] GC(36) Pause Young (Allocation Failure) 7M->5M(11M) 0.897ms
[180.900s][info][gc] GC(37) Pause Young (Allocation Failure) 7M->5M(11M) 0.491ms
[191.348s][info][gc] GC(38) Pause Young (Allocation Failure) 7M->6M(11M) 0.476ms
[211.145s][info][gc] GC(39) Pause Young (Allocation Failure) 8M->6M(11M) 0.580ms
[211.169s][info][gc] GC(40) Pause Full (Ergonomics) 6M->5M(11M) 23.437ms
[224.388s][info][gc] GC(41) Pause Young (Allocation Failure) 7M->5M(11M) 0.870ms
[244.413s][info][gc] GC(42) Pause Young (Allocation Failure) 7M->5M(11M) 0.905ms
[263.439s][info][gc] GC(43) Pause Young (Allocation Failure) 7M->5M(11M) 0.483ms
[283.467s][info][gc] GC(44) Pause Young (Allocation Failure) 7M->5M(11M) 0.510ms
[303.494s][info][gc] GC(45) Pause Young (Allocation Failure) 7M->5M(11M) 0.490ms
[322.515s][info][gc] GC(46) Pause Young (Allocation Failure) 7M->5M(11M) 0.483ms
[342.536s][info][gc] GC(47) Pause Young (Allocation Failure) 7M->5M(11M) 0.581ms
[362.560s][info][gc] GC(48) Pause Young (Allocation Failure) 7M->5M(11M) 0.445ms
[382.229s][info][gc] GC(49) Pause Young (Allocation Failure) 7M->5M(11M) 0.489ms
[402.239s][info][gc] GC(50) Pause Young (Allocation Failure) 7M->5M(11M) 0.468ms
[421.640s][info][gc] GC(51) Pause Young (Allocation Failure) 7M->5M(11M) 1.287ms
[441.665s][info][gc] GC(52) Pause Young (Allocation Failure) 7M->5M(11M) 1.055ms
[461.691s][info][gc] GC(53) Pause Young (Allocation Failure) 7M->5M(11M) 0.486ms
[481.726s][info][gc] GC(54) Pause Young (Allocation Failure) 7M->5M(11M) 1.221ms
[501.753s][info][gc] GC(55) Pause Young (Allocation Failure) 7M->5M(11M) 1.211ms
[521.770s][info][gc] GC(56) Pause Young (Allocation Failure) 7M->5M(11M) 0.554ms
